// Jest Snapshot v1, https://goo.gl/fbAQLP

exports[`SelectionFilter Snapshots should match the snapshot 1`] = `
<div
  className="paginator"
>
  <button
    className="paginator-block active"
    id="page-0"
    key="0"
    onClick={[Function]}
  >
    0
  </button>
  <button
    className="paginator-block "
    id="page-1"
    key="1"
    onClick={[Function]}
  >
    1
  </button>
  <button
    className="paginator-block "
    id="page-2"
    key="2"
    onClick={[Function]}
  >
    2
  </button>
  <button
    className="paginator-block "
    id="page-3"
    key="3"
    onClick={[Function]}
  >
    3
  </button>
  <button
    className="paginator-block "
    id="page-4"
    key="4"
    onClick={[Function]}
  >
    4
  </button>
  <button
    className="paginator-block "
    id="page-5"
    key="5"
    onClick={[Function]}
  >
    5
  </button>
  <button
    className="paginator-block "
    id="page-6"
    key="6"
    onClick={[Function]}
  >
    6
  </button>
  <button
    className="paginator-block "
    id="page-7"
    key="7"
    onClick={[Function]}
  >
    7
  </button>
  <button
    className="paginator-block "
    id="page-8"
    key="8"
    onClick={[Function]}
  >
    8
  </button>
  <button
    className="paginator-block "
    id="page-9"
    key="9"
    onClick={[Function]}
  >
    9
  </button>
</div>
`;
